exports[`test render correctly 1`] = `
<FormsyText
  floatingLabelText="Passwort"
  fullWidth={true}
  name="password"
  required={true}
  type="password"
  updateImmediately={true}
  validationError="Passwort muss mindestens 5 Zeichen enthalten."
  validationErrors={Object {}}
  validations="minLength:5" />
`;
